2026-10-02T18:05:18.2026941Z Current runner version: '2.337.0'
2026-10-02T18:05:18.2054290Z ##[group]Runner Image Provisioner
2026-10-02T18:05:18.2055412Z Hosted Compute Agent
2026-10-02T18:05:18.2056074Z Version: 20260901.588
2026-10-02T18:05:18.2056874Z Commit: f88ec8081b781fac6c440065ac7ff9e710ce3d0b
2026-10-02T18:05:18.2058078Z Build Date: 2026-09-01T19:56:44Z
2026-10-02T18:05:18.2058890Z Worker ID: {74bcf4db-7aff-40f0-b197-c946113605ac}
2026-10-02T18:05:18.2059747Z Azure Region: westus2
2026-10-02T18:05:18.2060371Z ##[endgroup]
2026-10-02T18:05:18.2062083Z ##[group]Operating System
2026-10-02T18:05:18.2062788Z Ubuntu
2026-10-02T18:05:18.2063466Z 24.04.5
2026-10-02T18:05:18.2064043Z LTS
2026-10-02T18:05:18.2064620Z ##[endgroup]
2026-10-02T18:05:18.2065290Z ##[group]Runner Image
2026-10-02T18:05:18.2065976Z Image: ubuntu-24.04
2026-10-02T18:05:18.2066681Z Version: 20260927.320.1
2026-10-02T18:05:18.2068313Z Included Software: https://github.com/actions/runner-images/blob/ubuntu24/20260927.320/images/ubuntu/Ubuntu2404-Readme.md
2026-10-02T18:05:18.2070007Z Image Release: https://github.com/actions/runner-images/releases/tag/ubuntu24%2F20260927.320
2026-10-02T18:05:18.2071087Z ##[endgroup]
2026-10-02T18:05:18.2072441Z ##[group]GITHUB_TOKEN Permissions
2026-10-02T18:05:18.2074605Z Contents: write
2026-10-02T18:05:18.2075285Z Metadata: read
2026-10-02T18:05:18.2075958Z Packages: write
2026-10-02T18:05:18.2076627Z ##[endgroup]
2026-10-02T18:05:18.2079351Z Secret source: Actions
2026-10-02T18:05:18.2080532Z Cache mode: write
2026-10-02T18:05:18.2081333Z Prepare workflow directory
2026-10-02T18:05:18.2501672Z Prepare all required actions
2026-10-02T18:05:18.2552071Z Getting action download info
2026-10-02T18:05:18.6820733Z Download action repository 'actions/checkout@v4' (SHA:11d5960a326750d5838078e36cf38b85af677262)
2026-10-02T18:05:18.7743659Z Download action repository 'actions/setup-java@v4' (SHA:cf277c60eb25467037889841efdb72551f06f6c3)
2026-10-02T18:05:19.1021669Z Download action repository 'gradle/actions@v4' (SHA:ed408507eac070d1f99cc633dbcf757c94c7933a)
2026-10-02T18:05:19.8989896Z Download action repository 'actions/upload-artifact@v4' (SHA:ea165f8d65b6e75b540449e92b4886f43607fa02)
2026-10-02T18:05:20.0081982Z Download action repository 'softprops/action-gh-release@v2' (SHA:3bb12739c298aeb8a4eeaf626c5b8d85266b0e65)
2026-10-02T18:05:20.3048947Z Complete job name: Build, Test & Release
2026-10-02T18:05:20.3947349Z ##[group]Run actions/checkout@v4
2026-10-02T18:05:20.3948353Z with:
2026-10-02T18:05:20.3948653Z   fetch-depth: 0
2026-10-02T18:05:20.3948981Z   repository: chriz-3656/Pulse-Music
2026-10-02T18:05:20.3951795Z   token: ***
2026-10-02T18:05:20.3952093Z   ssh-strict: true
2026-10-02T18:05:20.3952378Z   ssh-user: git
2026-10-02T18:05:20.3952684Z   persist-credentials: true
2026-10-02T18:05:20.3953008Z   clean: true
2026-10-02T18:05:20.3953313Z   sparse-checkout-cone-mode: true
2026-10-02T18:05:20.3953666Z   fetch-tags: false
2026-10-02T18:05:20.3953961Z   show-progress: true
2026-10-02T18:05:20.3954266Z   lfs: false
2026-10-02T18:05:20.3954558Z   submodules: false
2026-10-02T18:05:20.3954852Z   set-safe-directory: true
2026-10-02T18:05:20.3955185Z   allow-unsafe-pr-checkout: false
2026-10-02T18:05:20.3955746Z ##[endgroup]
2026-10-02T18:05:20.5016412Z Syncing repository: chriz-3656/Pulse-Music
2026-10-02T18:05:20.5019109Z ##[group]Getting Git version info
2026-10-02T18:05:20.5020114Z Working directory is '/home/runner/work/Pulse-Music/Pulse-Music'
2026-10-02T18:05:20.5021402Z [command]/usr/bin/git version
2026-10-02T18:05:20.5088509Z git version 2.55.0
2026-10-02T18:05:20.5112542Z ##[endgroup]
2026-10-02T18:05:20.5138797Z Temporarily overriding HOME='/home/runner/work/_temp/ca1207fb-b2ae-4b5d-aab8-931e50264082' before making global git config changes
2026-10-02T18:05:20.5140449Z Adding repository directory to the temporary git global config as a safe directory
2026-10-02T18:05:20.5141666Z [command]/usr/bin/git config --global --add safe.directory /home/runner/work/Pulse-Music/Pulse-Music
2026-10-02T18:05:20.5208652Z Deleting the contents of '/home/runner/work/Pulse-Music/Pulse-Music'
2026-10-02T18:05:20.5211325Z ##[group]Initializing the repository
2026-10-02T18:05:20.5212452Z [command]/usr/bin/git init /home/runner/work/Pulse-Music/Pulse-Music
2026-10-02T18:05:20.5318163Z hint: Using 'master' as the name for the initial branch. This default branch name
2026-10-02T18:05:20.5321968Z hint: will change to "main" in Git 3.0. To configure the initial branch name
2026-10-02T18:05:20.5323470Z hint: to use in all of your new repositories, which will suppress this warning,
2026-10-02T18:05:20.5324686Z hint: call:
2026-10-02T18:05:20.5325867Z hint:
2026-10-02T18:05:20.5326830Z hint: 	git config --global init.defaultBranch <name>
2026-10-02T18:05:20.5328152Z hint:
2026-10-02T18:05:20.5328968Z hint: Names commonly chosen instead of 'master' are 'main', 'trunk' and
2026-10-02T18:05:20.5330184Z hint: 'development'. The just-created branch can be renamed via this command:
2026-10-02T18:05:20.5331190Z hint:
2026-10-02T18:05:20.5331976Z hint: 	git branch -m <name>
2026-10-02T18:05:20.5332908Z hint:
2026-10-02T18:05:20.5334022Z hint: Disable this message with "git config set advice.defaultBranchName false"
2026-10-02T18:05:20.5336236Z Initialized empty Git repository in /home/runner/work/Pulse-Music/Pulse-Music/.git/
2026-10-02T18:05:20.5338608Z [command]/usr/bin/git remote add origin https://github.com/chriz-3656/Pulse-Music
2026-10-02T18:05:20.5390740Z ##[endgroup]
2026-10-02T18:05:20.5391639Z ##[group]Disabling automatic garbage collection
2026-10-02T18:05:20.5394941Z [command]/usr/bin/git config --local gc.auto 0
2026-10-02T18:05:20.5431467Z ##[endgroup]
2026-10-02T18:05:20.5432255Z ##[group]Setting up auth
2026-10-02T18:05:20.5439116Z [command]/usr/bin/git config --local --name-only --get-regexp core\.sshCommand
2026-10-02T18:05:20.5474727Z [command]/usr/bin/git submodule foreach --recursive sh -c "git config --local --name-only --get-regexp 'core\.sshCommand' && git config --local --unset-all 'core.sshCommand' || :"
2026-10-02T18:05:20.5868253Z [command]/usr/bin/git config --local --name-only --get-regexp http\.https\:\/\/github\.com\/\.extraheader
2026-10-02T18:05:20.5913860Z [command]/usr/bin/git submodule foreach --recursive sh -c "git config --local --name-only --get-regexp 'http\.https\:\/\/github\.com\/\.extraheader' && git config --local --unset-all 'http.https://github.com/.extraheader' || :"
2026-10-02T18:05:20.6164712Z [command]/usr/bin/git config --local --name-only --get-regexp ^includeIf\.gitdir:
2026-10-02T18:05:20.6204616Z [command]/usr/bin/git submodule foreach --recursive git config --local --show-origin --name-only --get-regexp remote.origin.url
2026-10-02T18:05:20.6447807Z [command]/usr/bin/git config --local http.https://github.com/.extraheader AUTHORIZATION: basic ***
2026-10-02T18:05:20.6493492Z ##[endgroup]
2026-10-02T18:05:20.6494307Z ##[group]Fetching the repository
2026-10-02T18:05:20.6504925Z [command]/usr/bin/git -c protocol.version=2 fetch --prune --no-recurse-submodules origin +refs/heads/*:refs/remotes/origin/* +refs/tags/*:refs/tags/*
2026-10-02T18:05:21.0718077Z From https://github.com/chriz-3656/Pulse-Music
2026-10-02T18:05:21.0719585Z  * [new branch]      feature/newpipe-migration -> origin/feature/newpipe-migration
2026-10-02T18:05:21.0720366Z  * [new branch]      feature/soundcloud-radio -> origin/feature/soundcloud-radio
2026-10-02T18:05:21.0721475Z  * [new branch]      feature/spotify-import -> origin/feature/spotify-import
2026-10-02T18:05:21.0722137Z  * [new branch]      feature/spotify-oauth  -> origin/feature/spotify-oauth
2026-10-02T18:05:21.0722734Z  * [new branch]      fix/duration-bug       -> origin/fix/duration-bug
2026-10-02T18:05:21.0723233Z  * [new branch]      main                   -> origin/main
2026-10-02T18:05:21.0723717Z  * [new tag]         v1.3.0                 -> v1.3.0
2026-10-02T18:05:21.0724149Z  * [new tag]         v1.4.0                 -> v1.4.0
2026-10-02T18:05:21.0724593Z  * [new tag]         v1.4.1                 -> v1.4.1
2026-10-02T18:05:21.0725036Z  * [new tag]         v2.0.0                 -> v2.0.0
2026-10-02T18:05:21.0725772Z  * [new tag]         v2.1.0                 -> v2.1.0
2026-10-02T18:05:21.0726187Z  * [new tag]         v2.1.1                 -> v2.1.1
2026-10-02T18:05:21.0726615Z  * [new tag]         v2.1.2                 -> v2.1.2
2026-10-02T18:05:21.0727438Z  * [new tag]         v2.1.3                 -> v2.1.3
2026-10-02T18:05:21.0731268Z [command]/usr/bin/git branch --list --remote origin/feature/spotify-oauth
2026-10-02T18:05:21.0763311Z   origin/feature/spotify-oauth
2026-10-02T18:05:21.0783394Z [command]/usr/bin/git rev-parse refs/remotes/origin/feature/spotify-oauth
2026-10-02T18:05:21.0802222Z 5a62384c48895efe3990d95a5b6e58a23e4bcd8f
2026-10-02T18:05:21.0807312Z ##[endgroup]
2026-10-02T18:05:21.0808102Z ##[group]Determining the checkout info
2026-10-02T18:05:21.0809636Z ##[endgroup]
2026-10-02T18:05:21.0825239Z [command]/usr/bin/git sparse-checkout disable
2026-10-02T18:05:21.0880430Z [command]/usr/bin/git config --local --unset-all extensions.worktreeConfig
2026-10-02T18:05:21.0914445Z ##[group]Checking out the ref
2026-10-02T18:05:21.0918876Z [command]/usr/bin/git checkout --progress --force -B feature/spotify-oauth refs/remotes/origin/feature/spotify-oauth
2026-10-02T18:05:21.1196503Z Switched to a new branch 'feature/spotify-oauth'
2026-10-02T18:05:21.1201331Z branch 'feature/spotify-oauth' set up to track 'origin/feature/spotify-oauth'.
2026-10-02T18:05:21.1208426Z ##[endgroup]
2026-10-02T18:05:21.1257686Z [command]/usr/bin/git log -1 --format=%H
2026-10-02T18:05:21.1290000Z 5a62384c48895efe3990d95a5b6e58a23e4bcd8f
2026-10-02T18:05:21.1590831Z ##[group]Run actions/setup-java@v4
2026-10-02T18:05:21.1591236Z with:
2026-10-02T18:05:21.1591517Z   java-version: 21
2026-10-02T18:05:21.1591800Z   distribution: temurin
2026-10-02T18:05:21.1592076Z   cache: gradle
2026-10-02T18:05:21.1592347Z   java-package: jdk
2026-10-02T18:05:21.1592623Z   check-latest: false
2026-10-02T18:05:21.1592898Z   server-id: github
2026-10-02T18:05:21.1593186Z   server-username: GITHUB_ACTOR
2026-10-02T18:05:21.1593521Z   server-password: GITHUB_TOKEN
2026-10-02T18:05:21.1593840Z   overwrite-settings: true
2026-10-02T18:05:21.1594136Z   job-status: success
2026-10-02T18:05:21.1596689Z   token: ***
2026-10-02T18:05:21.1596962Z ##[endgroup]
2026-10-02T18:05:21.3461123Z ##[warning]setup-java v4 is deprecated and will no longer receive updates. Please migrate to actions/setup-java@v5.
2026-10-02T18:05:21.3469850Z ##[group]Installed distributions
2026-10-02T18:05:21.3578182Z Resolved Java 21.0.12+1 from tool-cache
2026-10-02T18:05:21.3578986Z Setting Java 21.0.12+1 as the default
2026-10-02T18:05:21.3590579Z (node:2299) [DEP0040] DeprecationWarning: The `punycode` module is deprecated. Please use a userland alternative instead.
2026-10-02T18:05:21.3591596Z (Use `node --trace-deprecation ...` to show where the warning was created)
2026-10-02T18:05:21.3594944Z Creating toolchains.xml for JDK version 21 from temurin
2026-10-02T18:05:21.3673212Z Writing to /home/runner/.m2/toolchains.xml
2026-10-02T18:05:21.3673897Z 
2026-10-02T18:05:21.3674212Z Java configuration:
2026-10-02T18:05:21.3674838Z   Distribution: temurin
2026-10-02T18:05:21.3675456Z   Version: 21.0.12+1
2026-10-02T18:05:21.3676271Z   Path: /opt/hostedtoolcache/Java_Temurin-Hotspot_jdk/21.0.12-1/x64
2026-10-02T18:05:21.3676696Z 
2026-10-02T18:05:21.3677930Z ##[endgroup]
2026-10-02T18:05:21.3698103Z Creating settings.xml with server-id: github
2026-10-02T18:05:21.3741170Z Writing to /home/runner/.m2/settings.xml
2026-10-02T18:05:21.7381267Z Cache hit for: setup-java-Linux-x64-gradle-299e3f823a3425917539819a78221c9ff5187f9e53d84b4282d81e77795f834f
2026-10-02T18:05:21.7505556Z (node:2299) [DEP0169] DeprecationWarning: `url.parse()` behavior is not standardized and prone to errors that have security implications. Use the WHATWG URL API instead. CVEs are not issued for `url.parse()` vulnerabilities.
2026-10-02T18:05:23.0399394Z Received 0 of 1284060097 (0.0%), 0.0 MBs/sec
2026-10-02T18:05:24.0448614Z Received 96468992 of 1284060097 (7.5%), 46.0 MBs/sec
2026-10-02T18:05:25.0413098Z Received 197132288 of 1284060097 (15.4%), 62.6 MBs/sec
2026-10-02T18:05:26.0426396Z Received 327155712 of 1284060097 (25.5%), 77.9 MBs/sec
2026-10-02T18:05:27.0431164Z Received 457179136 of 1284060097 (35.6%), 87.1 MBs/sec
2026-10-02T18:05:28.0468625Z Received 612368384 of 1284060097 (47.7%), 97.3 MBs/sec
2026-10-02T18:05:29.0488611Z Received 746586112 of 1284060097 (58.1%), 101.6 MBs/sec
2026-10-02T18:05:30.0457928Z Received 872415232 of 1284060097 (67.9%), 103.9 MBs/sec
2026-10-02T18:05:31.0474406Z Received 981467136 of 1284060097 (76.4%), 103.9 MBs/sec
2026-10-02T18:05:32.0474228Z Received 1136656384 of 1284060097 (88.5%), 108.3 MBs/sec
2026-10-02T18:05:33.0472429Z Received 1233125376 of 1284060097 (96.0%), 106.8 MBs/sec
2026-10-02T18:05:33.4176637Z Received 1284060097 of 1284060097 (100.0%), 107.6 MBs/sec
2026-10-02T18:05:33.4177936Z Cache Size: ~1225 MB (1284060097 B)
2026-10-02T18:05:33.4318408Z [command]/usr/bin/tar -xf /home/runner/work/_temp/4d83b2b4-cb58-48da-b19e-121ea22df2b3/cache.tzst -P -C /home/runner/work/Pulse-Music/Pulse-Music --use-compress-program unzstd
2026-10-02T18:05:38.4740007Z Cache restored successfully
2026-10-02T18:05:38.9022885Z Cache restored from key: setup-java-Linux-x64-gradle-299e3f823a3425917539819a78221c9ff5187f9e53d84b4282d81e77795f834f
2026-10-02T18:05:38.9437656Z ##[group]Run gradle/actions/setup-gradle@v4
2026-10-02T18:05:38.9438051Z with:
2026-10-02T18:05:38.9438277Z   gradle-version: 9.3.1
2026-10-02T18:05:38.9438560Z   cache-disabled: false
2026-10-02T18:05:38.9438819Z   cache-read-only: true
2026-10-02T18:05:38.9439075Z   cache-write-only: false
2026-10-02T18:05:38.9439357Z   cache-overwrite-existing: false
2026-10-02T18:05:38.9439644Z   cache-cleanup: on-success
2026-10-02T18:05:38.9439963Z   gradle-home-cache-includes: caches
notifications

2026-10-02T18:05:38.9440315Z   add-job-summary: always
2026-10-02T18:05:38.9440600Z   add-job-summary-as-pr-comment: never
2026-10-02T18:05:38.9440924Z   dependency-graph: disabled
2026-10-02T18:05:38.9441253Z   dependency-graph-report-dir: dependency-graph-reports
2026-10-02T18:05:38.9441698Z   dependency-graph-continue-on-failure: true
2026-10-02T18:05:38.9442061Z   build-scan-publish: false
2026-10-02T18:05:38.9442334Z   validate-wrappers: true
2026-10-02T18:05:38.9442654Z   allow-snapshot-wrappers: false
2026-10-02T18:05:38.9442954Z   gradle-home-cache-strict-match: false
2026-10-02T18:05:38.9443265Z   workflow-job-context: null
2026-10-02T18:05:38.9445795Z   github-token: ***
2026-10-02T18:05:38.9446033Z env:
2026-10-02T18:05:38.9446401Z   JAVA_HOME: /opt/hostedtoolcache/Java_Temurin-Hotspot_jdk/21.0.12-1/x64
2026-10-02T18:05:38.9446931Z   JAVA_HOME_21_X64: /opt/hostedtoolcache/Java_Temurin-Hotspot_jdk/21.0.12-1/x64
2026-10-02T18:05:38.9447666Z ##[endgroup]
2026-10-02T18:05:41.7522186Z Gradle User Home already exists at /home/runner/.gradle
2026-10-02T18:05:41.7532815Z Gradle User Home already exists: will not restore from cache.
2026-10-02T18:05:41.7550438Z Merged default JDK locations into /home/runner/.m2/toolchains.xml
2026-10-02T18:05:41.9780259Z Fetched 10 of 65 checksums
2026-10-02T18:05:42.0651316Z Fetched 20 of 65 checksums
2026-10-02T18:05:42.1574208Z Fetched 30 of 65 checksums
2026-10-02T18:05:42.2483159Z Fetched 40 of 65 checksums
2026-10-02T18:05:42.3233287Z Fetched 50 of 65 checksums
2026-10-02T18:05:42.4196433Z Fetched 60 of 65 checksums
2026-10-02T18:05:42.4980887Z Fetched 65 of 65 checksums
2026-10-02T18:05:42.4983542Z ##[group]All Gradle Wrapper jars are valid
2026-10-02T18:05:42.4985288Z ✓ Found known Gradle Wrapper JAR files:
2026-10-02T18:05:42.4986429Z   14dfa961b6704bb3decdea06502781edaa796a82e6da41cd2e1962b14fbe21a3 ytm-kt/gradle/wrapper/gradle-wrapper.jar
2026-10-02T18:05:42.4987942Z   b3a875ddc1f044746e1b1a55f645584505f4a10438c1afea9f15e92a7c42ec13 gradle/wrapper/gradle-wrapper.jar
2026-10-02T18:05:42.4988930Z ##[endgroup]
2026-10-02T18:05:42.5758681Z ##[group]Provision Gradle 9.3.1
2026-10-02T18:05:47.4579666Z Cache hit for: gradle-9.3.1
2026-10-02T18:05:48.7615575Z Received 0 of 136943103 (0.0%), 0.0 MBs/sec
2026-10-02T18:05:49.7617832Z Received 121634816 of 136943103 (88.8%), 58.0 MBs/sec
2026-10-02T18:05:50.0673028Z Received 136943103 of 136943103 (100.0%), 56.6 MBs/sec
2026-10-02T18:05:50.0675788Z Cache Size: ~131 MB (136943103 B)
2026-10-02T18:05:50.0715855Z [command]/usr/bin/tar -xf /home/runner/work/_temp/b8a54f38-6c42-467e-a1ae-b505b2455dcf/cache.tzst -P -C /home/runner/work/Pulse-Music/Pulse-Music --use-compress-program unzstd
2026-10-02T18:05:50.2594829Z Cache restored successfully
2026-10-02T18:05:50.2659180Z Restored Gradle distribution gradle-9.3.1 from cache to /home/runner/work/_temp/.gradle-actions/gradle-installations/downloads/gradle-9.3.1-bin.zip
2026-10-02T18:05:50.2679204Z [command]/usr/bin/unzip -o -q /home/runner/work/_temp/.gradle-actions/gradle-installations/downloads/gradle-9.3.1-bin.zip
2026-10-02T18:05:51.2377359Z Extracted Gradle 9.3.1 to /home/runner/work/_temp/.gradle-actions/gradle-installations/installs/gradle-9.3.1
2026-10-02T18:05:51.2379444Z Provisioned Gradle executable /home/runner/work/_temp/.gradle-actions/gradle-installations/installs/gradle-9.3.1/bin/gradle
2026-10-02T18:05:51.2381552Z ##[endgroup]
2026-10-02T18:05:51.2543619Z ##[group]Run if [ -n "$KEYSTORE_BASE64" ]; then
2026-10-02T18:05:51.2544093Z [36;1mif [ -n "$KEYSTORE_BASE64" ]; then[0m
2026-10-02T18:05:51.2544531Z [36;1m  echo "$KEYSTORE_BASE64" | base64 -d > release.keystore[0m
2026-10-02T18:05:51.2544906Z [36;1melse[0m
2026-10-02T18:05:51.2545201Z [36;1m  echo "Warning: KEYSTORE_BASE64 secret not found."[0m
2026-10-02T18:05:51.2545543Z [36;1mfi[0m
2026-10-02T18:05:51.2833569Z shell: /usr/bin/bash -e {0}
2026-10-02T18:05:51.2833982Z env:
2026-10-02T18:05:51.2834439Z   JAVA_HOME: /opt/hostedtoolcache/Java_Temurin-Hotspot_jdk/21.0.12-1/x64
2026-10-02T18:05:51.2835152Z   JAVA_HOME_21_X64: /opt/hostedtoolcache/Java_Temurin-Hotspot_jdk/21.0.12-1/x64
2026-10-02T18:05:51.2835763Z   GRADLE_ACTION_ID: gradle/actions/setup-gradle
2026-10-02T18:05:51.2836212Z   GRADLE_USER_HOME: /home/runner/.gradle
2026-10-02T18:05:51.2836650Z   GRADLE_BUILD_ACTION_SETUP_COMPLETED: true
2026-10-02T18:05:51.2837303Z   GRADLE_BUILD_ACTION_CACHE_RESTORED: true
2026-10-02T18:05:51.2837992Z   DEVELOCITY_INJECTION_INIT_SCRIPT_NAME: gradle-actions.inject-develocity.init.gradle
2026-10-02T18:05:51.2838673Z   DEVELOCITY_INJECTION_CUSTOM_VALUE: gradle-actions
2026-10-02T18:05:51.2839135Z   GITHUB_DEPENDENCY_GRAPH_ENABLED: false
2026-10-02T18:05:51.2860905Z   KEYSTORE_BASE64: ***

2026-10-02T18:05:51.2861190Z ##[endgroup]
2026-10-02T18:05:51.3035942Z ##[group]Run chmod +x gradlew
2026-10-02T18:05:51.3036318Z [36;1mchmod +x gradlew[0m
2026-10-02T18:05:51.3103181Z shell: /usr/bin/bash -e {0}
2026-10-02T18:05:51.3103835Z env:
2026-10-02T18:05:51.3104258Z   JAVA_HOME: /opt/hostedtoolcache/Java_Temurin-Hotspot_jdk/21.0.12-1/x64
2026-10-02T18:05:51.3104905Z   JAVA_HOME_21_X64: /opt/hostedtoolcache/Java_Temurin-Hotspot_jdk/21.0.12-1/x64
2026-10-02T18:05:51.3105594Z   GRADLE_ACTION_ID: gradle/actions/setup-gradle
2026-10-02T18:05:51.3106090Z   GRADLE_USER_HOME: /home/runner/.gradle
2026-10-02T18:05:51.3106665Z   GRADLE_BUILD_ACTION_SETUP_COMPLETED: true
2026-10-02T18:05:51.3107433Z   GRADLE_BUILD_ACTION_CACHE_RESTORED: true
2026-10-02T18:05:51.3108012Z   DEVELOCITY_INJECTION_INIT_SCRIPT_NAME: gradle-actions.inject-develocity.init.gradle
2026-10-02T18:05:51.3108619Z   DEVELOCITY_INJECTION_CUSTOM_VALUE: gradle-actions
2026-10-02T18:05:51.3109033Z   GITHUB_DEPENDENCY_GRAPH_ENABLED: false
2026-10-02T18:05:51.3109380Z ##[endgroup]
2026-10-02T18:05:51.3245551Z ##[group]Run ./gradlew :app:testDebugUnitTest --no-daemon
2026-10-02T18:05:51.3246049Z [36;1m./gradlew :app:testDebugUnitTest --no-daemon[0m
2026-10-02T18:05:51.3311959Z shell: /usr/bin/bash -e {0}
2026-10-02T18:05:51.3312278Z env:
2026-10-02T18:05:51.3312670Z   JAVA_HOME: /opt/hostedtoolcache/Java_Temurin-Hotspot_jdk/21.0.12-1/x64
2026-10-02T18:05:51.3313298Z   JAVA_HOME_21_X64: /opt/hostedtoolcache/Java_Temurin-Hotspot_jdk/21.0.12-1/x64
2026-10-02T18:05:51.3313823Z   GRADLE_ACTION_ID: gradle/actions/setup-gradle
2026-10-02T18:05:51.3314431Z   GRADLE_USER_HOME: /home/runner/.gradle
2026-10-02T18:05:51.3314799Z   GRADLE_BUILD_ACTION_SETUP_COMPLETED: true
2026-10-02T18:05:51.3315174Z   GRADLE_BUILD_ACTION_CACHE_RESTORED: true
2026-10-02T18:05:51.3315708Z   DEVELOCITY_INJECTION_INIT_SCRIPT_NAME: gradle-actions.inject-develocity.init.gradle
2026-10-02T18:05:51.3316297Z   DEVELOCITY_INJECTION_CUSTOM_VALUE: gradle-actions
2026-10-02T18:05:51.3316736Z   GITHUB_DEPENDENCY_GRAPH_ENABLED: false
2026-10-02T18:05:51.3317525Z   SPOTIFY_CLIENT_ID: ***
2026-10-02T18:05:51.3317907Z   SPOTIFY_CLIENT_SECRET: ***
2026-10-02T18:05:51.3318209Z ##[endgroup]
2026-10-02T18:05:51.9897889Z 
2026-10-02T18:05:51.9898556Z Welcome to Gradle 9.3.1!
2026-10-02T18:05:51.9898932Z 
2026-10-02T18:05:51.9902023Z Here are the highlights of this release:
2026-10-02T18:05:51.9902793Z  - Test reporting improvements
2026-10-02T18:05:51.9903350Z  - Error and warning improvements
2026-10-02T18:05:51.9903861Z  - Build authoring improvements
2026-10-02T18:05:51.9904212Z 
2026-10-02T18:05:51.9904587Z For more details see https://docs.gradle.org/9.3.1/release-notes.html
2026-10-02T18:05:51.9905119Z 
2026-10-02T18:05:52.2909652Z To honour the JVM settings for this build a single-use Daemon process will be forked. For more on this, please refer to https://docs.gradle.org/9.3.1/userguide/gradle_daemon.html#sec:disabling_the_daemon in the Gradle documentation.
2026-10-02T18:05:53.7881048Z Daemon will be stopped at the end of the build 
2026-10-02T18:05:55.5882516Z Calculating task graph as no cached configuration is available for tasks: :app:testDebugUnitTest
2026-10-02T18:06:08.1908825Z > Task :app:preBuild UP-TO-DATE
2026-10-02T18:06:08.1911565Z > Task :app:generateDebugAssets UP-TO-DATE
2026-10-02T18:06:08.1915475Z > Task :app:preDebugBuild UP-TO-DATE
2026-10-02T18:06:08.1919758Z > Task :app:preDebugUnitTestBuild UP-TO-DATE
2026-10-02T18:06:08.2924548Z > Task :app:javaPreCompileDebug FROM-CACHE
2026-10-02T18:06:08.2929986Z > Task :app:generateDebugBuildConfig FROM-CACHE
2026-10-02T18:06:08.3886015Z > Task :app:generateDebugResources
2026-10-02T18:06:08.7880727Z > Task :app:packageDebugResources
2026-10-02T18:06:08.7898401Z > Task :app:mapDebugSourceSetPaths
2026-10-02T18:06:08.7899437Z > Task :app:processDebugNavigationResources
2026-10-02T18:06:11.3908133Z > Task :app:checkDebugAarMetadata
2026-10-02T18:06:11.3937943Z > Task :app:compileDebugNavigationResources FROM-CACHE
2026-10-02T18:06:11.3938712Z > Task :app:createDebugCompatibleScreenManifests
2026-10-02T18:06:11.3939235Z > Task :app:extractDeepLinksDebug FROM-CACHE
2026-10-02T18:06:11.4890026Z > Task :app:parseDebugLocalResources
2026-10-02T18:06:11.6882724Z > Task :app:generateDebugRFile
2026-10-02T18:06:11.6907979Z > Task :app:javaPreCompileDebugUnitTest FROM-CACHE
2026-10-02T18:06:11.8941215Z > Task :app:mergeDebugAssets
2026-10-02T18:06:12.1928138Z > Task :app:processDebugMainManifest
2026-10-02T18:06:12.3888496Z > Task :app:processDebugUnitTestManifest
2026-10-02T18:06:12.5881028Z > Task :app:processDebugManifest
2026-10-02T18:06:12.5907988Z > Task :app:processDebugManifestForPackage
2026-10-02T18:06:14.9888560Z > Task :app:mergeDebugResources
2026-10-02T18:06:16.0883202Z > Task :app:processDebugResources
2026-10-02T18:06:16.0896985Z > Task :app:packageDebugUnitTestForUnitTest
2026-10-02T18:06:16.0918245Z > Task :app:generateDebugUnitTestConfig
2026-10-02T18:06:23.5888399Z > Task :app:kspDebugKotlin
2026-10-02T18:06:40.9887934Z 
2026-10-02T18:06:40.9889495Z > Task :app:compileDebugKotlin FAILED
2026-10-02T18:06:40.9891506Z e: file:///home/runner/work/Pulse-Music/Pulse-Music/app/src/main/java/com/example/ui/screens/FullScreenPlayerScreen.kt:579:69 Unresolved reference 'Timer'.
2026-10-02T18:06:41.0897792Z 
2026-10-02T18:06:41.0898905Z gradle/actions: Writing build results to /home/runner/work/_temp/.gradle-actions/build-results/__run_3-1790964356744.json
2026-10-02T18:06:41.0900620Z 24 actionable tasks: 19 executed, 5 from cache
2026-10-02T18:06:41.0928013Z FAILURE: Build failed with an exception.
2026-10-02T18:06:41.0928926Z 
2026-10-02T18:06:41.0937908Z * What went wrong:
2026-10-02T18:06:41.0941071Z Execution failed for task ':app:compileDebugKotlin'.
2026-10-02T18:06:41.0942860Z > A failure occurred while executing org.jetbrains.kotlin.compilerRunner.GradleCompilerRunnerWithWorkers$GradleKotlinCompilerWorkAction
2026-10-02T18:06:41.0944617Z    > Compilation error. See log for more details
2026-10-02T18:06:41.0945248Z 
2026-10-02T18:06:41.0945586Z * Try:
2026-10-02T18:06:41.0946313Z > Run with --stacktrace option to get the stack trace.
2026-10-02T18:06:41.0947717Z > Run with --info or --debug option to get more log output.
2026-10-02T18:06:41.0948905Z > Run with --scan to get full insights from a Build Scan (powered by Develocity).
2026-10-02T18:06:41.0950044Z > Get more help at https://help.gradle.org.
2026-10-02T18:06:41.0950879Z 
2026-10-02T18:06:41.0951275Z BUILD FAILED in 49s
2026-10-02T18:06:41.1885253Z Configuration cache entry stored.
2026-10-02T18:06:41.6304820Z ##[error]Process completed with exit code 1.
2026-10-02T18:06:41.6363888Z ##[group]Run actions/upload-artifact@v4
2026-10-02T18:06:41.6364358Z with:
2026-10-02T18:06:41.6364589Z   name: test-reports
2026-10-02T18:06:41.6364885Z   path: app/build/reports/tests/testDebugUnitTest/
2026-10-02T18:06:41.6365232Z   retention-days: 7
2026-10-02T18:06:41.6365560Z   if-no-files-found: warn
2026-10-02T18:06:41.6365824Z   compression-level: 6
2026-10-02T18:06:41.6366065Z   overwrite: false
2026-10-02T18:06:41.6366311Z   include-hidden-files: false
2026-10-02T18:06:41.6366642Z env:
2026-10-02T18:06:41.6366958Z   JAVA_HOME: /opt/hostedtoolcache/Java_Temurin-Hotspot_jdk/21.0.12-1/x64
2026-10-02T18:06:41.6367836Z   JAVA_HOME_21_X64: /opt/hostedtoolcache/Java_Temurin-Hotspot_jdk/21.0.12-1/x64
2026-10-02T18:06:41.6368385Z   GRADLE_ACTION_ID: gradle/actions/setup-gradle
2026-10-02T18:06:41.6368725Z   GRADLE_USER_HOME: /home/runner/.gradle
2026-10-02T18:06:41.6369035Z   GRADLE_BUILD_ACTION_SETUP_COMPLETED: true
2026-10-02T18:06:41.6369393Z   GRADLE_BUILD_ACTION_CACHE_RESTORED: true
2026-10-02T18:06:41.6369945Z   DEVELOCITY_INJECTION_INIT_SCRIPT_NAME: gradle-actions.inject-develocity.init.gradle
2026-10-02T18:06:41.6370449Z   DEVELOCITY_INJECTION_CUSTOM_VALUE: gradle-actions
2026-10-02T18:06:41.6370797Z   GITHUB_DEPENDENCY_GRAPH_ENABLED: false
2026-10-02T18:06:41.6371167Z ##[endgroup]
2026-10-02T18:06:41.8229099Z (node:2600) [DEP0040] DeprecationWarning: The `punycode` module is deprecated. Please use a userland alternative instead.
2026-10-02T18:06:41.8230380Z (Use `node --trace-deprecation ...` to show where the warning was created)
2026-10-02T18:06:41.8248534Z ##[warning]No files were found with the provided path: app/build/reports/tests/testDebugUnitTest/. No artifacts will be uploaded.
2026-10-02T18:06:41.8592068Z Post job cleanup.
2026-10-02T18:06:42.1070599Z In post-action step
2026-10-02T18:06:42.1083246Z Cache will not be saved: not restored in main action step.
2026-10-02T18:06:42.1088850Z Generating Job Summary
2026-10-02T18:06:42.1118780Z Completed post-action step
2026-10-02T18:06:42.1232838Z Post job cleanup.
2026-10-02T18:06:42.2677718Z (node:2627) [DEP0040] DeprecationWarning: The `punycode` module is deprecated. Please use a userland alternative instead.
2026-10-02T18:06:42.2679114Z (Use `node --trace-deprecation ...` to show where the warning was created)
2026-10-02T18:06:42.2890396Z Post job cleanup.
2026-10-02T18:06:42.3953969Z [command]/usr/bin/git version
2026-10-02T18:06:42.4005452Z git version 2.55.0
2026-10-02T18:06:42.4050719Z Temporarily overriding HOME='/home/runner/work/_temp/2c841563-34ac-4484-9aa9-dfa23917933a' before making global git config changes
2026-10-02T18:06:42.4052375Z Adding repository directory to the temporary git global config as a safe directory
2026-10-02T18:06:42.4058884Z [command]/usr/bin/git config --global --add safe.directory /home/runner/work/Pulse-Music/Pulse-Music
2026-10-02T18:06:42.4107029Z [command]/usr/bin/git config --local --name-only --get-regexp core\.sshCommand
2026-10-02T18:06:42.4150356Z [command]/usr/bin/git submodule foreach --recursive sh -c "git config --local --name-only --get-regexp 'core\.sshCommand' && git config --local --unset-all 'core.sshCommand' || :"
2026-10-02T18:06:42.4434482Z [command]/usr/bin/git config --local --name-only --get-regexp http\.https\:\/\/github\.com\/\.extraheader
2026-10-02T18:06:42.4471184Z http.https://github.com/.extraheader
2026-10-02T18:06:42.4485342Z [command]/usr/bin/git config --local --unset-all http.https://github.com/.extraheader
2026-10-02T18:06:42.4526898Z [command]/usr/bin/git submodule foreach --recursive sh -c "git config --local --name-only --get-regexp 'http\.https\:\/\/github\.com\/\.extraheader' && git config --local --unset-all 'http.https://github.com/.extraheader' || :"
2026-10-02T18:06:42.4826193Z [command]/usr/bin/git config --local --name-only --get-regexp ^includeIf\.gitdir:
2026-10-02T18:06:42.4858067Z [command]/usr/bin/git submodule foreach --recursive git config --local --show-origin --name-only --get-regexp remote.origin.url
2026-10-02T18:06:42.5312446Z Cleaning up orphan processes
2026-10-02T18:06:42.5615804Z ##[warning]Node.js 20 is deprecated. The following actions target Node.js 20 but are being forced to run on Node.js 24: actions/checkout@v4, actions/setup-java@v4, actions/upload-artifact@v4, gradle/actions/setup-gradle@v4. For more information see: https://github.blog/changelog/2025-09-19-deprecation-of-node-20-on-github-actions-runners/
